// Jest Snapshot v1, https://goo.gl/fbAQLP

exports[`Entry accepts props and renders entries in directory 1`] = `
<DirectoryEntry>
  <Icon
    color="#0366d6"
    fileType="directory"
    key=".0"
  />
  <Name
    key=".1"
  >
    linky jr
  </Name>
  <td
    key=".2"
  >
    <LastSaved
      lastModified={null}
      last_modified="Fri Jun 22 2018 00:15:55 GMT-0400 (Eastern Daylight Time)"
    />
  </td>
</DirectoryEntry>
`;

exports[`Listing accepts props and renders entries in directory in a table 1`] = `undefined`;
