// Jest Snapshot v1, https://goo.gl/fbAQLP

exports[`RichestMime renders a mimebundle 1`] = `""`;
