// Jest Snapshot v1, https://goo.gl/fbAQLP

exports[`LaTeXDisplay processes basic LaTeX 1`] = `
<MathJaxNode
  inline={false}
  onRender={null}
>
  x^2 + y = 3
</MathJaxNode>
`;
