// Jest Snapshot v1, https://goo.gl/fbAQLP

exports[`markdown works as it should lets see: watching-paint-dry 1`] = `
<MarkdownRender
  source="
# Watching Paint Dry

The composited _color_ of the **paint** must not change during drying. The
optical blending function is used with this constraint to compensate for the new
dry layer $C_{d}^{prime}$, when some volume $delta_{alpha}$ is removed from
the wet layer.

$$
C_{d}^{prime} = \\\\frac{alpha}{}
$$

The dry layer of the canvas uses a relative height field to allow for unlimited
volume of paint to be added, with a constraint only on the relative change in
height between texels.
"
>
  <ReactMarkdown
    astPlugins={Array []}
    escapeHtml={false}
    plugins={
      Array [
        [Function],
      ]
    }
    rawSourcePos={false}
    renderers={
      Object {
        "inlineMath": [Function],
        "math": [Function],
      }
    }
    skipHtml={false}
    source="
# Watching Paint Dry

The composited _color_ of the **paint** must not change during drying. The
optical blending function is used with this constraint to compensate for the new
dry layer $C_{d}^{prime}$, when some volume $delta_{alpha}$ is removed from
the wet layer.

$$
C_{d}^{prime} = \\\\frac{alpha}{}
$$

The dry layer of the canvas uses a relative height field to allow for unlimited
volume of paint to be added, with a constraint only on the relative change in
height between texels.
"
    sourcePos={false}
    transformLinkUri={[Function]}
  >
    <div
      key="root-1-1"
    >
      <Heading
        key="heading-2-1"
        level={1}
      >
        <h1>
          Watching Paint Dry
        </h1>
      </Heading>
      <p
        key="paragraph-4-1"
      >
        The composited 
        <em
          key="emphasis-4-16"
        >
          color
        </em>
         of the 
        <strong
          key="strong-4-31"
        >
          paint
        </strong>
         must not change during drying. The
optical blending function is used with this constraint to compensate for the new
dry layer 
        <inlineMath
          data={
            Object {
              "hChildren": Array [
                Object {
                  "type": "text",
                  "value": "C_{d}^{prime}",
                },
              ],
              "hName": "span",
              "hProperties": Object {
                "className": "inlineMath",
              },
            }
          }
          key="inlineMath-6-11"
          value="C_{d}^{prime}"
        >
          <MathJaxNode
            inline={true}
            onRender={null}
          >
            <Provider
              delay={0}
              didFinishTypeset={null}
              input="tex"
              loading={null}
              noGate={false}
              onError={[Function]}
              onLoad={null}
              options={Object {}}
              src="https://cdnjs.cloudflare.com/ajax/libs/mathjax/2.7.1/MathJax.js?config=TeX-MML-AM_CHTML"
            >
              <MathJaxNode
                inline={true}
                onRender={null}
              />
            </Provider>
          </MathJaxNode>
        </inlineMath>
        , when some volume 
        <inlineMath
          data={
            Object {
              "hChildren": Array [
                Object {
                  "type": "text",
                  "value": "delta_{alpha}",
                },
              ],
              "hName": "span",
              "hProperties": Object {
                "className": "inlineMath",
              },
            }
          }
          key="inlineMath-6-45"
          value="delta_{alpha}"
        >
          <MathJaxNode
            inline={true}
            onRender={null}
          >
            <Provider
              delay={0}
              didFinishTypeset={null}
              input="tex"
              loading={null}
              noGate={false}
              onError={[Function]}
              onLoad={null}
              options={Object {}}
              src="https://cdnjs.cloudflare.com/ajax/libs/mathjax/2.7.1/MathJax.js?config=TeX-MML-AM_CHTML"
            >
              <MathJaxNode
                inline={true}
                onRender={null}
              />
            </Provider>
          </MathJaxNode>
        </inlineMath>
         is removed from
the wet layer.
      </p>
      <math
        data={
          Object {
            "hChildren": Array [
              Object {
                "type": "text",
                "value": "C_{d}^{prime} = \\\\frac{alpha}{}",
              },
            ],
            "hName": "div",
            "hProperties": Object {
              "className": "math",
            },
          }
        }
        key="math-9-1"
        value="C_{d}^{prime} = \\\\frac{alpha}{}"
      >
        <MathJaxNode
          inline={false}
          onRender={null}
        >
          <Provider
            delay={0}
            didFinishTypeset={null}
            input="tex"
            loading={null}
            noGate={false}
            onError={[Function]}
            onLoad={null}
            options={Object {}}
            src="https://cdnjs.cloudflare.com/ajax/libs/mathjax/2.7.1/MathJax.js?config=TeX-MML-AM_CHTML"
          >
            <MathJaxNode
              inline={false}
              onRender={null}
            />
          </Provider>
        </MathJaxNode>
      </math>
      <p
        key="paragraph-13-1"
      >
        The dry layer of the canvas uses a relative height field to allow for unlimited
volume of paint to be added, with a constraint only on the relative change in
height between texels.
      </p>
    </div>
  </ReactMarkdown>
</MarkdownRender>
`;
